// Jest Snapshot v1, https://goo.gl/fbAQLP

exports[`display command help (start) 1`] = `
"haul start [options]
Starts a new webpack server

Options:

  --port [number]                 Port to run your webpack server, 8081 by default
  --dev [true|false]              Whether to build in development mode, true by default
  --minify [true|false]           Whether to minify the bundle, 'true' by default when dev=false
  --platform <ios|android|all>    Platform to bundle for
  --config [string]               Path to config file, eg. webpack.haul.js, webpack.haul.js by
                                  default"
`;

exports[`display help 1`] = `
"
Usage: haul [command] [options]

Options:

  --version  print the version number
  --help     print usage information

Commands:

  init       Generates necessary configuration files
  start      Starts a new webpack server
  bundle     Builds the app bundle for packaging

Run haul COMMAND --help for more information on specific commands
"
`;

exports[`display unsupported command info (run-ios) 1`] = `
" INFO  This command is not yet supported

Call react-native run-ios instead"
`;
